✔ exact content registries and reference validity (0.654792ms)
✔ atomic item take / throw / NPC take / return / wear / rescue ownership (1.671875ms)
✔ one swing hits a target once, down event once, nurse protected (13.107417ms)
✔ alert thresholds, cooldown, prank blame, hidden line of sight (0.336208ms)
✔ family causal queue, delay, unique incident, global group slots (17.009291ms)
✔ navigation all zones reachable, swept dodge cannot pass walls (7.057875ms)
✔ quest pins and held items exclude restoration; same identity returns (0.43125ms)
✔ reward ledger, purchase bounds, complete save round trip and invalid import (0.410834ms)
✔ cancel old attempts, mode reset queues and pending, chapter freely selectable (0.887541ms)
✔ 24+16 mission mechanics have executable completion chains, no ledger duplication (7.482083ms)
✔ choir silent 32 beats completes, fixed simulation pause preserves beat (0.230958ms)
✔ 20 mode switches resource counts remain bounded and item identity consistent (0.879292ms)
✔ every portable, pushable, fixed and wearable declared action has real state effects (2.518875ms)
✔ all 12 personalities choose specific observable reaction states (0.459458ms)
✔ all 19 parents use defined ability plus real gate entry and legal budgets (19.362875ms)
✔ exam paper scatter keeps one bundle ID and requires three real pickups (14.54975ms)
✔ contact interrupted before two seconds never schedules; completion does (11.572ms)
✔ q09 completes through natural 65→0 simulation rather than a synthetic completion event (35.894834ms)
✔ airborne portable can be caught in hand range and flight identity clears (0.304709ms)
✔ parent projectile derives position only and keeps its own valid item identity (25.808792ms)
✔ repeated parent waves reuse bounded projectile pool and delete departed interpolation records (0.594042ms)
✔ unreserved same-type auxiliary item cannot satisfy a pinned mission delivery (0.201583ms)
ℹ tests 22
ℹ suites 0
ℹ pass 22
ℹ fail 0
ℹ cancelled 0
ℹ skipped 0
ℹ todo 0
ℹ duration_ms 251.027667
